  甇??斗閬???撠?...
  撌脤???D:\lunar-snake\personal-work\plate-projects\fantasim-world--001-motion-paths\project\contracts\Space.Stellar.Contracts\Space.Stellar.Contracts.csproj (244 瘥怎? ????
  撌脤???D:\lunar-snake\personal-work\plate-projects\fantasim-world--001-motion-paths\project\contracts\Geosphere.Plate.Topology.Contracts\Geosphere.Plate.Topology.Contracts.csproj (225 瘥怎? ????
  撌脤???D:\lunar-snake\personal-work\plate-projects\fantasim-world--001-motion-paths\project\tests\Geosphere.Plate.Motion.Tests\Geosphere.Plate.Motion.Tests.csproj (255 瘥怎? ????
  撌脤???D:\lunar-snake\personal-work\plate-projects\plate-shared\dotnet\source-generators\General.DisposePattern.Set\General.DisposePattern.Attributes\General.DisposePattern.Attributes.csproj (597 瘥怎? ????
  撌脤???D:\lunar-snake\personal-work\plate-projects\fantasim-world--001-motion-paths\project\plugins\Geosphere.Plate.Velocity.Solver\Geosphere.Plate.Velocity.Solver.csproj (251 瘥怎? ????
  撌脤???D:\lunar-snake\personal-work\plate-projects\fantasim-world--001-motion-paths\project\contracts\Geosphere.Plate.Motion.Contracts\Geosphere.Plate.Motion.Contracts.csproj (235 瘥怎? ????
  撌脤???D:\lunar-snake\personal-work\plate-projects\fantasim-world--001-motion-paths\project\contracts\Geosphere.Plate.Kinematics.Contracts\Geosphere.Plate.Kinematics.Contracts.csproj (288 瘥怎? ????
  撌脤???D:\lunar-snake\personal-work\plate-projects\fantasim-world--001-motion-paths\project\plugins\Geosphere.Plate.Motion.Solver\Geosphere.Plate.Motion.Solver.csproj (254 瘥怎? ????
  撌脤???D:\lunar-snake\personal-work\plate-projects\fantasim-world--001-motion-paths\project\contracts\Geosphere.Plate.Velocity.Contracts\Geosphere.Plate.Velocity.Contracts.csproj (304 瘥怎? ????
  撌脤???D:\lunar-snake\personal-work\plate-projects\service-archi\dotnet\ServiceArchi.SourceGen\ServiceArchi.SourceGen.csproj (715 瘥怎? ????
  撌脤???D:\lunar-snake\personal-work\plate-projects\unify-maths\dotnet\src\UnifyGeometry.Primitives\UnifyGeometry.Primitives.csproj (788 瘥怎? ????
  28 ??獢葉??17 ???啁????舫脰?????
  DI.ConstructorInjection -> D:\lunar-snake\personal-work\plate-projects\plate-shared\dotnet\source-generators\DI.ConstructorInjection.Set\DI.ConstructorInjection\bin\Debug\netstandard2.0\Plate.SCG.DI.ConstructorInjection.dll
  ServiceArchi.Contracts -> D:\lunar-snake\personal-work\plate-projects\service-archi\dotnet\ServiceArchi.Contracts\bin\Debug\netstandard2.0\ServiceArchi.Contracts.dll
  ServiceArchi.SourceGen -> D:\lunar-snake\personal-work\plate-projects\service-archi\dotnet\ServiceArchi.SourceGen\bin\Debug\netstandard2.0\ServiceArchi.SourceGen.dll
  General.DisposePattern -> D:\lunar-snake\personal-work\plate-projects\plate-shared\dotnet\source-generators\General.DisposePattern.Set\General.DisposePattern\bin\Debug\netstandard2.0\Plate.SCG.General.DisposePattern.dll
  UseLocalProjectReferences = ''
  General.AutoToString -> D:\lunar-snake\personal-work\plate-projects\plate-shared\dotnet\source-generators\General.AutoToString.Set\General.AutoToString\bin\Debug\netstandard2.0\Plate.SCG.General.AutoToString.dll
  UnifyDiagnostics.Abstractions -> D:\lunar-snake\personal-work\plate-projects\crosscut-foundation\dotnet\src\UnifyDiagnostics.Abstractions\bin\Debug\netstandard2.0\UnifyDiagnostics.Abstractions.dll
  General.AutoProperties -> D:\lunar-snake\personal-work\plate-projects\plate-shared\dotnet\source-generators\General.AutoProperties.Set\General.AutoProperties\bin\Debug\netstandard2.0\Plate.SCG.General.AutoProperties.dll
  PluginArchi.SourceGenerators.Proxy -> D:\lunar-snake\personal-work\plate-projects\plugin-archi\src\PluginArchi.SourceGenerators.Proxy\bin\Debug\netstandard2.0\PluginArchi.SourceGenerators.Proxy.dll
D:\lunar-snake\personal-work\plate-projects\plugin-archi\dotnet\PluginArchi.Analyzers\SingletonPluginRegistrationAnalyzer.cs(9,21): warning RS1036: 'PluginArchi.Analyzers.SingletonPluginRegistrationAnalyzer': ????冽?靘??Ｙ??函?撠??府??撅祆?'<EnforceExtendedAnalyzerRules>true</EnforceExtendedAnalyzerRules>' [D:\lunar-snake\personal-work\plate-projects\plugin-archi\dotnet\PluginArchi.Analyzers\PluginArchi.Analyzers.csproj]
D:\lunar-snake\personal-work\plate-projects\plugin-archi\dotnet\PluginArchi.Analyzers\SingletonPluginRegistrationAnalyzer.cs(19,9): warning RS2008: ??閬? 'PLUG002' 銋??撠?????餈質馱 (https://github.com/dotnet/roslyn-analyzers/blob/main/src/Microsoft.CodeAnalysis.Analyzers/ReleaseTrackingAnalyzers.Help.md) [D:\lunar-snake\personal-work\plate-projects\plugin-archi\dotnet\PluginArchi.Analyzers\PluginArchi.Analyzers.csproj]
D:\lunar-snake\personal-work\plate-projects\plugin-archi\dotnet\PluginArchi.Analyzers\StaticPluginFieldAnalyzer.cs(8,21): warning RS1036: 'PluginArchi.Analyzers.StaticPluginFieldAnalyzer': ????冽?靘??Ｙ??函?撠??府??撅祆?'<EnforceExtendedAnalyzerRules>true</EnforceExtendedAnalyzerRules>' [D:\lunar-snake\personal-work\plate-projects\plugin-archi\dotnet\PluginArchi.Analyzers\PluginArchi.Analyzers.csproj]
D:\lunar-snake\personal-work\plate-projects\plugin-archi\dotnet\PluginArchi.Analyzers\StaticPluginFieldAnalyzer.cs(18,9): warning RS2008: ??閬? 'PLUG001' 銋??撠?????餈質馱 (https://github.com/dotnet/roslyn-analyzers/blob/main/src/Microsoft.CodeAnalysis.Analyzers/ReleaseTrackingAnalyzers.Help.md) [D:\lunar-snake\personal-work\plate-projects\plugin-archi\dotnet\PluginArchi.Analyzers\PluginArchi.Analyzers.csproj]
  PluginArchi.Analyzers -> D:\lunar-snake\personal-work\plate-projects\plugin-archi\dotnet\PluginArchi.Analyzers\bin\Debug\netstandard2.0\PluginArchi.Analyzers.dll
  UnifyDiagnostics.Generators -> D:\lunar-snake\personal-work\plate-projects\crosscut-foundation\dotnet\src\UnifyDiagnostics.Generators\bin\Debug\netstandard2.0\UnifyDiagnostics.Generators.dll
  General.AutoProperties.Attributes -> D:\lunar-snake\personal-work\plate-projects\plate-shared\dotnet\source-generators\General.AutoProperties.Set\General.AutoProperties.Attributes\bin\Debug\netstandard2.0\Plate.General.AutoProperties.Attributes.dll
  UnifySerialization.Abstractions -> D:\lunar-snake\personal-work\plate-projects\unify-serialization\dotnet\src\UnifySerialization.Abstractions\bin\Debug\netstandard2.0\UnifySerialization.Abstractions.dll
  General.DisposePattern.Attributes -> D:\lunar-snake\personal-work\plate-projects\plate-shared\dotnet\source-generators\General.DisposePattern.Set\General.DisposePattern.Attributes\bin\Debug\netstandard2.0\Plate.SCG.General.DisposePattern.Attributes.dll
  General.AutoToString.Attributes -> D:\lunar-snake\personal-work\plate-projects\plate-shared\dotnet\source-generators\General.AutoToString.Set\General.AutoToString.Attributes\bin\Debug\netstandard2.0\Plate.SCG.General.AutoToString.Attributes.dll
  UnifySerialization.Generators -> D:\lunar-snake\personal-work\plate-projects\unify-serialization\dotnet\src\UnifySerialization.Generators\bin\Debug\netstandard2.0\UnifySerialization.Generators.dll
  DI.ConstructorInjection.Attributes -> D:\lunar-snake\personal-work\plate-projects\plate-shared\dotnet\source-generators\DI.ConstructorInjection.Set\DI.ConstructorInjection.Attributes\bin\Debug\netstandard2.0\Plate.SCG.DI.ConstructorInjection.Attributes.dll
  General.NamespaceUsingScope -> D:\lunar-snake\personal-work\plate-projects\plate-shared\dotnet\source-generators\General.NamespaceUsingScope.Set\General.NamespaceUsingScope\bin\Debug\netstandard2.0\Plate.SCG.General.NamespaceUsingScope.dll
  TimeDete.Time.Primitives -> D:\lunar-snake\personal-work\plate-projects\time-dete\dotnet\src\TimeDete.Time.Primitives\bin\Debug\netstandard2.1\TimeDete.Time.Primitives.dll
  TimeDete.Determinism.Abstractions -> D:\lunar-snake\personal-work\plate-projects\time-dete\dotnet\src\TimeDete.Determinism.Abstractions\bin\Debug\netstandard2.1\TimeDete.Determinism.Abstractions.dll
  UnifyGeometry.Primitives -> D:\lunar-snake\personal-work\plate-projects\unify-maths\dotnet\src\UnifyGeometry.Primitives\bin\Debug\netstandard2.1\UnifyGeometry.Primitives.dll
D:\lunar-snake\personal-work\plate-projects\fantasim-world--001-motion-paths\project\contracts\Space.Stellar.Contracts\Validation\L3ValidationRules.cs(7,36): warning MA0051: Method is too long (88 lines; maximum allowed: 60) (https://github.com/meziantou/Meziantou.Analyzer/blob/main/docs/Rules/MA0051.md) [D:\lunar-snake\personal-work\plate-projects\fantasim-world--001-motion-paths\project\contracts\Space.Stellar.Contracts\Space.Stellar.Contracts.csproj]
D:\lunar-snake\personal-work\plate-projects\fantasim-world--001-motion-paths\project\contracts\Geosphere.Plate.Topology.Contracts\obj\Debug\net8.0\UnifySerialization.Generators\UnifySerialization.Generators.UnifySerializationGenerator\PlateRetiredEvent.MessagePackFormatter.g.cs(21,85): warning CS8604: 'void IMessagePackFormatter<string>.Serialize(ref MessagePackWriter writer, string value, MessagePackSerializerOptions options)' 銝剔?? 'value' ?航??Null ???詻?[D:\lunar-snake\personal-work\plate-projects\fantasim-world--001-motion-paths\project\contracts\Geosphere.Plate.Topology.Contracts\Geosphere.Plate.Topology.Contracts.csproj]
D:\lunar-snake\personal-work\plate-projects\fantasim-world--001-motion-paths\project\contracts\Geosphere.Plate.Topology.Contracts\obj\Debug\net8.0\UnifySerialization.Generators\UnifySerialization.Generators.UnifySerializationGenerator\JunctionRetiredEvent.MessagePackFormatter.g.cs(21,85): warning CS8604: 'void IMessagePackFormatter<string>.Serialize(ref MessagePackWriter writer, string value, MessagePackSerializerOptions options)' 銝剔?? 'value' ?航??Null ???詻?[D:\lunar-snake\personal-work\plate-projects\fantasim-world--001-motion-paths\project\contracts\Geosphere.Plate.Topology.Contracts\Geosphere.Plate.Topology.Contracts.csproj]
D:\lunar-snake\personal-work\plate-projects\fantasim-world--001-motion-paths\project\contracts\Geosphere.Plate.Topology.Contracts\obj\Debug\net8.0\UnifySerialization.Generators\UnifySerialization.Generators.UnifySerializationGenerator\BoundaryRetiredEvent.MessagePackFormatter.g.cs(21,85): warning CS8604: 'void IMessagePackFormatter<string>.Serialize(ref MessagePackWriter writer, string value, MessagePackSerializerOptions options)' 銝剔?? 'value' ?航??Null ???詻?[D:\lunar-snake\personal-work\plate-projects\fantasim-world--001-motion-paths\project\contracts\Geosphere.Plate.Topology.Contracts\Geosphere.Plate.Topology.Contracts.csproj]
D:\lunar-snake\personal-work\plate-projects\fantasim-world--001-motion-paths\project\contracts\Geosphere.Plate.Topology.Contracts\Identity\TruthStreamIdentity.cs(63,69): warning MA0011: Use an overload of 'TryParse' that has a 'System.IFormatProvider' parameter (https://github.com/meziantou/Meziantou.Analyzer/blob/main/docs/Rules/MA0011.md) [D:\lunar-snake\personal-work\plate-projects\fantasim-world--001-motion-paths\project\contracts\Geosphere.Plate.Topology.Contracts\Geosphere.Plate.Topology.Contracts.csproj]
  Space.Stellar.Contracts -> D:\lunar-snake\personal-work\plate-projects\fantasim-world--001-motion-paths\project\contracts\Space.Stellar.Contracts\bin\Debug\net8.0\Space.Stellar.Contracts.dll
  Geosphere.Plate.Topology.Contracts -> D:\lunar-snake\personal-work\plate-projects\fantasim-world--001-motion-paths\project\contracts\Geosphere.Plate.Topology.Contracts\bin\Debug\net8.0\Geosphere.Plate.Topology.Contracts.dll
  Geosphere.Plate.Kinematics.Contracts -> D:\lunar-snake\personal-work\plate-projects\fantasim-world--001-motion-paths\project\contracts\Geosphere.Plate.Kinematics.Contracts\bin\Debug\net8.0\Geosphere.Plate.Kinematics.Contracts.dll
  Geosphere.Plate.Velocity.Contracts -> D:\lunar-snake\personal-work\plate-projects\fantasim-world--001-motion-paths\project\contracts\Geosphere.Plate.Velocity.Contracts\bin\Debug\net8.0\Geosphere.Plate.Velocity.Contracts.dll
D:\lunar-snake\personal-work\plate-projects\fantasim-world--001-motion-paths\project\contracts\Geosphere.Plate.Motion.Contracts\IFlowlineSolver.cs(13,18): error CS0101: ?賢?蝛粹? 'FantaSim.Geosphere.Plate.Motion.Contracts' 撌脣???'IFlowlineSolver' ??蝢?[D:\lunar-snake\personal-work\plate-projects\fantasim-world--001-motion-paths\project\contracts\Geosphere.Plate.Motion.Contracts\Geosphere.Plate.Motion.Contracts.csproj]
D:\lunar-snake\personal-work\plate-projects\fantasim-world--001-motion-paths\project\contracts\Geosphere.Plate.Motion.Contracts\FlowlineContracts.cs(11,15): error CS0101: ?賢?蝛粹? 'FantaSim.Geosphere.Plate.Motion.Contracts' 撌脣???'Flowline' ??蝢?[D:\lunar-snake\personal-work\plate-projects\fantasim-world--001-motion-paths\project\contracts\Geosphere.Plate.Motion.Contracts\Geosphere.Plate.Motion.Contracts.csproj]
D:\lunar-snake\personal-work\plate-projects\fantasim-world--001-motion-paths\project\contracts\Geosphere.Plate.Motion.Contracts\FlowlineContracts.cs(28,5): error CS0246: ?曆??圈????賢?蝛粹??迂 'Vector3d' (?臬?箸?鈭?using ?內閰?蝯辣??) [D:\lunar-snake\personal-work\plate-projects\fantasim-world--001-motion-paths\project\contracts\Geosphere.Plate.Motion.Contracts\Geosphere.Plate.Motion.Contracts.csproj]
D:\lunar-snake\personal-work\plate-projects\fantasim-world--001-motion-paths\project\contracts\Geosphere.Plate.Motion.Contracts\IFlowlineSolver.cs(38,9): error CS0246: ?曆??圈????賢?蝛粹??迂 'MotionIntegrationSpec' (?臬?箸?鈭?using ?內閰?蝯辣??) [D:\lunar-snake\personal-work\plate-projects\fantasim-world--001-motion-paths\project\contracts\Geosphere.Plate.Motion.Contracts\Geosphere.Plate.Motion.Contracts.csproj]
D:\lunar-snake\personal-work\plate-projects\fantasim-world--001-motion-paths\project\contracts\Geosphere.Plate.Motion.Contracts\IFlowlineSolver.cs(62,9): error CS0246: ?曆??圈????賢?蝛粹??迂 'MotionIntegrationSpec' (?臬?箸?鈭?using ?內閰?蝯辣??) [D:\lunar-snake\personal-work\plate-projects\fantasim-world--001-motion-paths\project\contracts\Geosphere.Plate.Motion.Contracts\Geosphere.Plate.Motion.Contracts.csproj]
D:\lunar-snake\personal-work\plate-projects\fantasim-world--001-motion-paths\project\contracts\Geosphere.Plate.Motion.Contracts\IMotionPathSolver.cs(36,9): error CS0246: ?曆??圈????賢?蝛粹??迂 'ReferenceFrameId' (?臬?箸?鈭?using ?內閰?蝯辣??) [D:\lunar-snake\personal-work\plate-projects\fantasim-world--001-motion-paths\project\contracts\Geosphere.Plate.Motion.Contracts\Geosphere.Plate.Motion.Contracts.csproj]
D:\lunar-snake\personal-work\plate-projects\fantasim-world--001-motion-paths\project\contracts\Geosphere.Plate.Motion.Contracts\MotionPath.cs(20,24): error CS0246: ?曆??圈????賢?蝛粹??迂 'ReferenceFrameId' (?臬?箸?鈭?using ?內閰?蝯辣??) [D:\lunar-snake\personal-work\plate-projects\fantasim-world--001-motion-paths\project\contracts\Geosphere.Plate.Motion.Contracts\Geosphere.Plate.Motion.Contracts.csproj]
D:\lunar-snake\personal-work\plate-projects\fantasim-world--001-motion-paths\project\contracts\Geosphere.Plate.Motion.Contracts\MotionPathSample.cs(19,24): error CS0246: ?曆??圈????賢?蝛粹??迂 'Vector3d' (?臬?箸?鈭?using ?內閰?蝯辣??) [D:\lunar-snake\personal-work\plate-projects\fantasim-world--001-motion-paths\project\contracts\Geosphere.Plate.Motion.Contracts\Geosphere.Plate.Motion.Contracts.csproj]
  Geosphere.Plate.Velocity.Solver -> D:\lunar-snake\personal-work\plate-projects\fantasim-world--001-motion-paths\project\plugins\Geosphere.Plate.Velocity.Solver\bin\Debug\net8.0\Geosphere.Plate.Velocity.Solver.dll
